====================================
TEST 1: Marine Antifouling Flow
====================================
python : Traceback (most recent call last):
At line:1 char:67
+ ... evits\functions"; python functions/exp
ert/test_engine.py 2>&1 | Out-F ...
+                       ~~~~~~~~~~~~~~~~~~~~
~~~~~~~~~~~~~~~~~~~~~~~
    + CategoryInfo          : NotSpecified: 
    (Traceback (most recent call last)::St  
  ring) [], RemoteException
    + FullyQualifiedErrorId : NativeCommand 
   Error
 
  File "C:\Users\lotus\Documents\pavlicevits
\functions\expert\test_engine.py", line 56, 
in <module>
    asyncio.run(run_test())
    ~~~~~~~~~~~^^^^^^^^^^^^
  File "C:\Users\lotus\AppData\Local\Program
s\Python\Python314\Lib\asyncio\runners.py", 
line 204, in run
    return runner.run(main)
           ~~~~~~~~~~^^^^^^
  File "C:\Users\lotus\AppData\Local\Program
s\Python\Python314\Lib\asyncio\runners.py", 
line 127, in run
    return self._loop.run_until_complete(tas
k)
           ~~~~~~~~~~~~~~~~~~~~~~~~~~~~~^^^^
^^
  File "C:\Users\lotus\AppData\Local\Program
s\Python\Python314\Lib\asyncio\base_events.p
y", line 719, in run_until_complete
    return future.result()
           ~~~~~~~~~~~~~^^
  File "C:\Users\lotus\Documents\pavlicevits
\functions\expert\test_engine.py", line 39, 
in run_test
    print(f"\nUser: {user_msg_1}")
    ~~~~~^^^^^^^^^^^^^^^^^^^^^^^^^
  File "C:\Users\lotus\AppData\Local\Program
s\Python\Python314\Lib\encodings\cp1252.py",
 line 19, in encode
    return codecs.charmap_encode(input,self.
errors,encoding_table)[0]
           ~~~~~~~~~~~~~~~~~~~~~^^^^^^^^^^^^
^^^^^^^^^^^^^^^^^^^^^^
UnicodeEncodeError: 'charmap' codec can't en
code characters in position 8-10: character 
maps to <undefined>
