docs/examplary_concept/nextjs_space/app/_components/home-content.tsx(10,97): error TS2307: Cannot find module '@/components/skeuo' or its corresponding type declarations.
docs/examplary_concept/nextjs_space/app/_components/home-content.tsx(11,29): error TS2307: Cannot find module '@/lib/store' or its corresponding type declarations.
docs/examplary_concept/nextjs_space/app/_components/home-content.tsx(12,27): error TS2307: Cannot find module '@/lib/ai-engine' or its corresponding type declarations.
docs/examplary_concept/nextjs_space/app/_components/home-content.tsx(46,41): error TS7006: Parameter 'state' implicitly has an 'any' type.
docs/examplary_concept/nextjs_space/app/_components/home-content.tsx(47,35): error TS7006: Parameter 'state' implicitly has an 'any' type.
docs/examplary_concept/nextjs_space/app/account/help/page.tsx(5,27): error TS2307: Cannot find module '@/components/ui/bottom-nav' or its corresponding type declarations.
docs/examplary_concept/nextjs_space/app/account/orders/page.tsx(5,27): error TS2307: Cannot find module '@/components/ui/bottom-nav' or its corresponding type declarations.
docs/examplary_concept/nextjs_space/app/account/page.tsx(8,62): error TS2307: Cannot find module '@/components/skeuo' or its corresponding type declarations.
docs/examplary_concept/nextjs_space/app/account/page.tsx(9,29): error TS2307: Cannot find module '@/lib/store' or its corresponding type declarations.
docs/examplary_concept/nextjs_space/app/account/page.tsx(20,28): error TS7006: Parameter 'state' implicitly has an 'any' type.
docs/examplary_concept/nextjs_space/app/account/page.tsx(21,32): error TS7006: Parameter 'state' implicitly has an 'any' type.
docs/examplary_concept/nextjs_space/app/account/page.tsx(22,34): error TS7006: Parameter 'sum' implicitly has an 'any' type.
docs/examplary_concept/nextjs_space/app/account/page.tsx(22,39): error TS7006: Parameter 'item' implicitly has an 'any' type.
docs/examplary_concept/nextjs_space/app/account/projects/page.tsx(5,27): error TS2307: Cannot find module '@/components/ui/bottom-nav' or its corresponding type declarations.
docs/examplary_concept/nextjs_space/app/account/saved/page.tsx(5,27): error TS2307: Cannot find module '@/components/ui/bottom-nav' or its corresponding type declarations.
docs/examplary_concept/nextjs_space/app/account/settings/page.tsx(5,27): error TS2307: Cannot find module '@/components/ui/bottom-nav' or its corresponding type declarations.
docs/examplary_concept/nextjs_space/app/cart/page.tsx(9,68): error TS2307: Cannot find module '@/components/skeuo' or its corresponding type declarations.
docs/examplary_concept/nextjs_space/app/cart/page.tsx(10,29): error TS2307: Cannot find module '@/lib/store' or its corresponding type declarations.
docs/examplary_concept/nextjs_space/app/cart/page.tsx(11,10): error TS2305: Module '"@/lib/utils"' has no exported member 'formatPrice'.
docs/examplary_concept/nextjs_space/app/cart/page.tsx(14,28): error TS7006: Parameter 'state' implicitly has an 'any' type.
docs/examplary_concept/nextjs_space/app/cart/page.tsx(15,38): error TS7006: Parameter 'state' implicitly has an 'any' type.
docs/examplary_concept/nextjs_space/app/cart/page.tsx(16,38): error TS7006: Parameter 'state' implicitly has an 'any' type.
docs/examplary_concept/nextjs_space/app/cart/page.tsx(17,33): error TS7006: Parameter 'state' implicitly has an 'any' type.
docs/examplary_concept/nextjs_space/app/cart/page.tsx(18,36): error TS7006: Parameter 'state' implicitly has an 'any' type.
docs/examplary_concept/nextjs_space/app/cart/page.tsx(87,28): error TS7006: Parameter 'item' implicitly has an 'any' type.
docs/examplary_concept/nextjs_space/app/cart/page.tsx(134,41): error TS7006: Parameter 'val' implicitly has an 'any' type.
docs/examplary_concept/nextjs_space/app/categories/[slug]/_components/category-products-content.tsx(8,54): error TS2307: Cannot find module '@/components/skeuo' or its corresponding type declarations.
docs/examplary_concept/nextjs_space/app/categories/[slug]/_components/category-products-content.tsx(9,29): error TS2307: Cannot find module '@/lib/store' or its corresponding type declarations.
docs/examplary_concept/nextjs_space/app/categories/[slug]/_components/category-products-content.tsx(36,33): error TS7006: Parameter 'state' implicitly has an 'any' type.
docs/examplary_concept/nextjs_space/app/categories/[slug]/_components/category-products-content.tsx(37,28): error TS7006: Parameter 'state' implicitly has an 'any' type.
docs/examplary_concept/nextjs_space/app/categories/[slug]/_components/category-products-content.tsx(56,53): error TS7006: Parameter 'item' implicitly has an 'any' type.
docs/examplary_concept/nextjs_space/app/categories/[slug]/page.tsx(2,24): error TS2307: Cannot find module '@/lib/db' or its corresponding type declarations.
docs/examplary_concept/nextjs_space/app/categories/_components/categories-content.tsx(7,47): error TS2307: Cannot find module '@/components/skeuo' or its corresponding type declarations.
docs/examplary_concept/nextjs_space/app/categories/page.tsx(1,24): error TS2307: Cannot find module '@/lib/db' or its corresponding type declarations.
docs/examplary_concept/nextjs_space/app/expert/page.tsx(9,29): error TS2307: Cannot find module '@/lib/store' or its corresponding type declarations.
docs/examplary_concept/nextjs_space/app/expert/page.tsx(10,77): error TS2307: Cannot find module '@/lib/ai-engine' or its corresponding type declarations.
docs/examplary_concept/nextjs_space/app/expert/page.tsx(11,36): error TS2307: Cannot find module '@/lib/knowledge-state' or its corresponding type declarations.
docs/examplary_concept/nextjs_space/app/expert/page.tsx(12,34): error TS2307: Cannot find module '@/lib/solution-generator' or its corresponding type declarations.
docs/examplary_concept/nextjs_space/app/expert/page.tsx(13,10): error TS2305: Module '"@/lib/utils"' has no exported member 'delay'.
docs/examplary_concept/nextjs_space/app/expert/page.tsx(13,17): error TS2305: Module '"@/lib/utils"' has no exported member 'formatPrice'.
docs/examplary_concept/nextjs_space/app/expert/page.tsx(24,8): error TS2307: Cannot find module '@/components/skeuo' or its corresponding type declarations.
docs/examplary_concept/nextjs_space/app/expert/page.tsx(195,36): error TS2339: Property 'value' does not exist on type '{}'.
docs/examplary_concept/nextjs_space/app/expert/page.tsx(196,22): error TS2339: Property 'confidence' does not exist on type '{}'.
docs/examplary_concept/nextjs_space/app/expert/page.tsx(245,28): error TS7006: Parameter 'message' implicitly has an 'any' type.
docs/examplary_concept/nextjs_space/app/page.tsx(1,24): error TS2307: Cannot find module '@/lib/db' or its corresponding type declarations.
docs/examplary_concept/nextjs_space/app/product/[slug]/_components/product-detail-content.tsx(10,87): error TS2307: Cannot find module '@/components/skeuo' or its corresponding type declarations.
docs/examplary_concept/nextjs_space/app/product/[slug]/_components/product-detail-content.tsx(11,29): error TS2307: Cannot find module '@/lib/store' or its corresponding type declarations.
docs/examplary_concept/nextjs_space/app/product/[slug]/_components/product-detail-content.tsx(12,10): error TS2305: Module '"@/lib/utils"' has no exported member 'formatPrice'.
docs/examplary_concept/nextjs_space/app/product/[slug]/_components/product-detail-content.tsx(50,33): error TS7006: Parameter 'state' implicitly has an 'any' type.
docs/examplary_concept/nextjs_space/app/product/[slug]/_components/product-detail-content.tsx(51,28): error TS7006: Parameter 'state' implicitly has an 'any' type.
docs/examplary_concept/nextjs_space/app/product/[slug]/_components/product-detail-content.tsx(53,30): error TS7006: Parameter 'item' implicitly has an 'any' type.
docs/examplary_concept/nextjs_space/app/product/[slug]/page.tsx(2,24): error TS2307: Cannot find module '@/lib/db' or its corresponding type declarations.
docs/examplary_concept/nextjs_space/app/search/_components/search-content.tsx(10,64): error TS2307: Cannot find module '@/components/skeuo' or its corresponding type declarations.
docs/examplary_concept/nextjs_space/app/search/_components/search-content.tsx(11,29): error TS2307: Cannot find module '@/lib/store' or its corresponding type declarations.
docs/examplary_concept/nextjs_space/app/search/_components/search-content.tsx(27,33): error TS7006: Parameter 'state' implicitly has an 'any' type.
docs/examplary_concept/nextjs_space/app/search/_components/search-content.tsx(28,28): error TS7006: Parameter 'state' implicitly has an 'any' type.
docs/examplary_concept/nextjs_space/app/search/_components/search-content.tsx(45,53): error TS7006: Parameter 'item' implicitly has an 'any' type.
docs/examplary_concept/nextjs_space/app/search/page.tsx(1,24): error TS2307: Cannot find module '@/lib/db' or its corresponding type declarations.
docs/examplary_concept/nextjs_space/app/solution/page.tsx(11,29): error TS2307: Cannot find module '@/lib/store' or its corresponding type declarations.
docs/examplary_concept/nextjs_space/app/solution/page.tsx(12,10): error TS2305: Module '"@/lib/utils"' has no exported member 'formatPrice'.
docs/examplary_concept/nextjs_space/app/solution/page.tsx(13,56): error TS2307: Cannot find module '@/components/skeuo' or its corresponding type declarations.
docs/examplary_concept/nextjs_space/app/solution/page.tsx(17,32): error TS7006: Parameter 'state' implicitly has an 'any' type.
docs/examplary_concept/nextjs_space/app/solution/page.tsx(18,33): error TS7006: Parameter 'state' implicitly has an 'any' type.
docs/examplary_concept/nextjs_space/app/solution/page.tsx(19,41): error TS7006: Parameter 'state' implicitly has an 'any' type.
docs/examplary_concept/nextjs_space/app/solution/page.tsx(20,28): error TS7006: Parameter 'state' implicitly has an 'any' type.
docs/examplary_concept/nextjs_space/app/solution/page.tsx(70,22): error TS7006: Parameter 'item' implicitly has an 'any' type.
docs/examplary_concept/nextjs_space/app/solution/page.tsx(113,77): error TS7053: Element implicitly has an 'any' type because expression of type 'any' can't be used to index type '{ beginner: string; intermediate: string; advanced: string; }'.
docs/examplary_concept/nextjs_space/app/solution/page.tsx(147,34): error TS7006: Parameter 'step' implicitly has an 'any' type.
docs/examplary_concept/nextjs_space/app/solution/page.tsx(147,40): error TS7006: Parameter 'idx' implicitly has an 'any' type.
docs/examplary_concept/nextjs_space/app/solution/page.tsx(200,52): error TS7006: Parameter 'tip' implicitly has an 'any' type.
docs/examplary_concept/nextjs_space/app/solution/page.tsx(200,57): error TS7006: Parameter 'i' implicitly has an 'any' type.
docs/examplary_concept/nextjs_space/app/solution/page.tsx(214,53): error TS7006: Parameter 'warning' implicitly has an 'any' type.
docs/examplary_concept/nextjs_space/app/solution/page.tsx(214,62): error TS7006: Parameter 'i' implicitly has an 'any' type.
docs/examplary_concept/nextjs_space/app/solution/page.tsx(225,51): error TS7006: Parameter 'product' implicitly has an 'any' type.
docs/examplary_concept/nextjs_space/components/skeuo/bottom-nav.tsx(8,29): error TS2307: Cannot find module '@/lib/store' or its corresponding type declarations.
docs/examplary_concept/nextjs_space/components/skeuo/bottom-nav.tsx(20,29): error TS7006: Parameter 'state' implicitly has an 'any' type.
docs/examplary_concept/nextjs_space/components/skeuo/bottom-nav.tsx(21,34): error TS7006: Parameter 'sum' implicitly has an 'any' type.
docs/examplary_concept/nextjs_space/components/skeuo/bottom-nav.tsx(21,39): error TS7006: Parameter 'item' implicitly has an 'any' type.
docs/examplary_concept/nextjs_space/components/skeuo/chat-question-card.tsx(6,31): error TS2307: Cannot find module '@/lib/types' or its corresponding type declarations.
docs/examplary_concept/nextjs_space/components/skeuo/chat-question-card.tsx(76,33): error TS7006: Parameter 'option' implicitly has an 'any' type.
docs/examplary_concept/nextjs_space/components/skeuo/header.tsx(8,29): error TS2307: Cannot find module '@/lib/store' or its corresponding type declarations.
docs/examplary_concept/nextjs_space/components/skeuo/header.tsx(18,29): error TS7006: Parameter 'state' implicitly has an 'any' type.
docs/examplary_concept/nextjs_space/components/skeuo/header.tsx(19,34): error TS7006: Parameter 'sum' implicitly has an 'any' type.
docs/examplary_concept/nextjs_space/components/skeuo/header.tsx(19,39): error TS7006: Parameter 'item' implicitly has an 'any' type.
docs/examplary_concept/nextjs_space/components/skeuo/product-card.tsx(3,14): error TS2305: Module '"@/lib/utils"' has no exported member 'formatPrice'.
docs/examplary_concept/nextjs_space/components/theme-provider.tsx(5,41): error TS2307: Cannot find module 'next-themes/dist/types' or its corresponding type declarations.
docs/examplary_concept/nextjs_space/components/ui/aspect-ratio.tsx(3,39): error TS2307: Cannot find module '@radix-ui/react-aspect-ratio' or its corresponding type declarations.
docs/examplary_concept/nextjs_space/components/ui/bottom-nav.tsx(8,29): error TS2307: Cannot find module '@/lib/store' or its corresponding type declarations.
docs/examplary_concept/nextjs_space/components/ui/calendar.tsx(5,27): error TS2307: Cannot find module 'react-day-picker' or its corresponding type declarations.
docs/examplary_concept/nextjs_space/components/ui/date-range-picker.tsx(2,24): error TS2307: Cannot find module 'date-fns' or its corresponding type declarations.
docs/examplary_concept/nextjs_space/components/ui/date-range-picker.tsx(4,27): error TS2307: Cannot find module 'react-day-picker' or its corresponding type declarations.
docs/examplary_concept/nextjs_space/components/ui/date-range-picker.tsx(7,26): error TS2307: Cannot find module '@/components/ui/calendar' or its corresponding type declarations.
docs/examplary_concept/nextjs_space/components/ui/date-range-picker.tsx(58,24): error TS7006: Parameter 'value' implicitly has an 'any' type.
docs/examplary_concept/nextjs_space/components/ui/drawer.tsx(4,43): error TS2307: Cannot find module 'vaul' or its corresponding type declarations.
docs/examplary_concept/nextjs_space/components/ui/header.tsx(7,29): error TS2307: Cannot find module '@/lib/store' or its corresponding type declarations.
docs/examplary_concept/nextjs_space/components/ui/input-otp.tsx(4,43): error TS2307: Cannot find module 'input-otp' or its corresponding type declarations.
docs/examplary_concept/nextjs_space/components/ui/input-otp.tsx(38,44): error TS18046: 'inputOTPContext' is of type 'unknown'.
docs/examplary_concept/nextjs_space/components/ui/resizable.tsx(11,51): error TS2339: Property 'PanelGroup' does not exist on type 'typeof import("C:/Users/lotus/Documents/pavlicevits/node_modules/react-resizable-panels/dist/react-resizable-panels")'.
docs/examplary_concept/nextjs_space/components/ui/resizable.tsx(12,23): error TS2339: Property 'PanelGroup' does not exist on type 'typeof import("C:/Users/lotus/Documents/pavlicevits/node_modules/react-resizable-panels/dist/react-resizable-panels")'.
docs/examplary_concept/nextjs_space/components/ui/resizable.tsx(27,51): error TS2339: Property 'PanelResizeHandle' does not exist on type 'typeof import("C:/Users/lotus/Documents/pavlicevits/node_modules/react-resizable-panels/dist/react-resizable-panels")'.
docs/examplary_concept/nextjs_space/components/ui/resizable.tsx(30,23): error TS2339: Property 'PanelResizeHandle' does not exist on type 'typeof import("C:/Users/lotus/Documents/pavlicevits/node_modules/react-resizable-panels/dist/react-resizable-panels")'.
docs/examplary_concept/nextjs_space/components/ui/resizable.tsx(42,24): error TS2339: Property 'PanelResizeHandle' does not exist on type 'typeof import("C:/Users/lotus/Documents/pavlicevits/node_modules/react-resizable-panels/dist/react-resizable-panels")'.
docs/examplary_concept/nextjs_space/components/ui/toast.tsx(4,34): error TS2307: Cannot find module '@radix-ui/react-toast' or its corresponding type declarations.
docs/examplary_concept/nextjs_space/components/ui/toaster.tsx(3,26): error TS2307: Cannot find module '@/hooks/use-toast' or its corresponding type declarations.
docs/examplary_concept/nextjs_space/components/ui/toaster.tsx(11,8): error TS2307: Cannot find module '@/components/ui/toast' or its corresponding type declarations.
docs/examplary_concept/nextjs_space/components/ui/toaster.tsx(18,31): error TS7031: Binding element 'id' implicitly has an 'any' type.
docs/examplary_concept/nextjs_space/components/ui/toaster.tsx(18,35): error TS7031: Binding element 'title' implicitly has an 'any' type.
docs/examplary_concept/nextjs_space/components/ui/toaster.tsx(18,42): error TS7031: Binding element 'description' implicitly has an 'any' type.
docs/examplary_concept/nextjs_space/components/ui/toaster.tsx(18,55): error TS7031: Binding element 'action' implicitly has an 'any' type.
docs/examplary_concept/nextjs_space/components/ui/use-toast.ts(6,53): error TS2307: Cannot find module '@/components/ui/toast' or its corresponding type declarations.
docs/examplary_concept/nextjs_space/components/ui/use-toast.ts(158,22): error TS7006: Parameter 'open' implicitly has an 'any' type.
docs/examplary_concept/nextjs_space/hooks/use-toast.ts(6,53): error TS2307: Cannot find module '@/components/ui/toast' or its corresponding type declarations.
docs/examplary_concept/nextjs_space/hooks/use-toast.ts(158,22): error TS7006: Parameter 'open' implicitly has an 'any' type.
docs/examplary_concept/nextjs_space/lib/db.ts(1,30): error TS2307: Cannot find module '@prisma/client' or its corresponding type declarations.
docs/examplary_concept/nextjs_space/scripts/seed.ts(1,30): error TS2307: Cannot find module '@prisma/client' or its corresponding type declarations.
docs/examplary_concept/nextjs_space/scripts/update-images.ts(1,30): error TS2307: Cannot find module '@prisma/client' or its corresponding type declarations.
docs/examplary_concept/nextjs_space/tailwind.config.ts(4,3): error TS2322: Type '["class"]' is not assignable to type 'DarkModeStrategy | undefined'.
  Type '["class"]' is not assignable to type '["class", string]'.
    Source has 1 element(s) but target requires 2.
